{
  "0": 0,
  "1": 0,
  "2": 0,
  "3": 1.356,
  "4": 11.115,
  "5": 14.127,
  "6": 13.963,
  "7": 13.679,
  "8": 13.924,
  "9": 13.092,
  "10": 12.946,
  "11": 11.346,
  "12": 7.851,
  "13": 3.454,
  "14": 3.791,
  "15": 0.84,
  "16": 0.824,
  "17": 0.823,
  "18": 0.506,
  "19": 0
}