{
  "0": 2.81,
  "1": 2.915,
  "2": 2.849,
  "3": 2.34,
  "4": 2.109,
  "5": 2.214,
  "6": 2.383,
  "7": 2.538,
  "8": 2.465,
  "9": 2.319,
  "10": 1.99,
  "11": 1.686,
  "12": 1.792,
  "13": 1.326,
  "14": 1.169,
  "15": 0.957,
  "16": 0.976,
  "17": 0.977,
  "18": 0.988,
  "19": 1.182
}