{
  "0": 3.917,
  "1": 18.761,
  "2": 19.611,
  "3": 17.949,
  "4": 6.3,
  "5": 1.449,
  "6": 0.466,
  "7": 0.448,
  "8": 0.378,
  "9": 0.478,
  "10": 0.373,
  "11": 0.505,
  "12": 0.343,
  "13": 0.162,
  "14": 0.215,
  "15": 0,
  "16": 0,
  "17": 0,
  "18": 0,
  "19": 0
}