{
  "mean_age": 36.89500524973751,
  "std_age": 21.013547941539233,
  "layers": {
    "H": {
      "mean": 2.4505023278608182,
      "std": 1.3697873701450676,
      "5": 1.0,
      "95": 5.0
    },
    "S": {
      "mean": 373.54545454545456,
      "std": 191.96465755983866,
      "5": 200.0,
      "95": 721.0
    },
    "W": {
      "mean": 15.025210084033613,
      "std": 51.989165352326005,
      "5": 1.0,
      "95": 47.0
    }
  }
}